// Jest Snapshot v1, https://goo.gl/fbAQLP

exports[`Renders correctly 1`] = `
<div
  className="row"
>
  <div
    className="column"
  >
    <div
      className="ui negative message jokemessage"
    >
      <div
        className="header"
      >
        Error Fetching Fact!
      </div>
      <p>
        There was an error fetching the fact. Please try again
      </p>
    </div>
  </div>
</div>
`;
